$ playwright test "--workers=1" "--reporter=list"
[WebServer] $ bun scripts/db-push.ts
[WebServer] [PLUGIN_TIMINGS] Your build spent significant time in plugins. Here is a breakdown:
[WebServer]   - vite-plugin-sveltekit-guard (67%)
[WebServer]   - vite-plugin-sveltekit-remote (15%)
[WebServer]   - vite-plugin-sveltekit-virtual-modules (7%)
[WebServer]   - vite-plugin-sveltekit-compile (4%)
[WebServer] See https://rolldown.rs/reference/InputOptions.checks#plugintimings for more details.
[WebServer] 
🧹 Cleaning up old test tournaments...
✅ No old tournaments to clean up

Running 95 tests using 1 worker

  ✘   1 e2e/bestof3.spec.ts:102:2 › Best-of-3 Round Transition › round closes when best-of-3 matches end 2-0 (no deciding set) (20.7s)
  ✓   2 e2e/code-review-findings.spec.ts:30:2 › Code review findings (spec 1040) › round-1 retirement 17→16 rebuilds courts correctly (2.9s)
[WebServer] 
[WebServer] [405] POST /court/02fda93bd6d41a5dacf938d527fc6d76
[WebServer] Error: POST method not allowed. No form actions exist for this page
[WebServer]     at handle_action_json_request (file:///home/dirk/Dev/kob/.svelte-kit/output/server/index.js:135:28)
[WebServer]     at render_page (file:///home/dirk/Dev/kob/.svelte-kit/output/server/index.js:2225:44)
[WebServer]     at process.processTicksAndRejections (node:internal/process/task_queues:105:5)
[WebServer]     at async resolve (file:///home/dirk/Dev/kob/.svelte-kit/output/server/index.js:3319:51)
  ✓   3 e2e/code-review-findings.spec.ts:58:2 › Code review findings (spec 1040) › rejects score submission with wrong court token (2.3s)
  ✓   4 e2e/code-review-findings.spec.ts:97:2 › Code review findings (spec 1040) › rejects close round while matches are incomplete (4.9s)
  ✘   5 e2e/code-review-findings.spec.ts:118:2 › Code review findings (spec 1040) › 8p tournament survives mid-round injury and completes (1.5m)
  ✘   6 e2e/code-review-findings.spec.ts:170:2 › Code review findings (spec 1040) › replacement player keeps roster size between rounds (13.5s)
  ✘   7 e2e/code-review-findings.spec.ts:211:2 › Code review findings (spec 1040) › standings page keeps round 1 history after mid-tournament retirement (1.3m)


  1) e2e/bestof3.spec.ts:102:2 › Best-of-3 Round Transition › round closes when best-of-3 matches end 2-0 (no deciding set) 

    Error: expect(locator).toBeVisible() failed

    Locator: locator('.match-run').first().locator('[data-testid="saved-126191"]')
    Expected: visible
    Timeout: 15000ms
    Error: element(s) not found

    Call log:
      - Expect "toBeVisible" with timeout 15000ms
      - waiting for locator('.match-run').first().locator('[data-testid="saved-126191"]')


      26 |
      27 | 	await page.waitForLoadState('networkidle');
    > 28 | 	await expect(matchGroup.locator(`[data-testid="saved-${matchId}"]`)).toBeVisible({
         | 	                                                                     ^
      29 | 		timeout: 15000
      30 | 	});
      31 | }
        at enterSingleSet (/home/dirk/Dev/kob/e2e/bestof3.spec.ts:28:71)
        at fillCourtBestOf3 (/home/dirk/Dev/kob/e2e/bestof3.spec.ts:37:2)
        at /home/dirk/Dev/kob/e2e/bestof3.spec.ts:133:4

    Error Context: test-results/bestof3-Best-of-3-Round-Tr-625a5-es-end-2-0-no-deciding-set-/error-context.md

  2) e2e/code-review-findings.spec.ts:118:2 › Code review findings (spec 1040) › 8p tournament survives mid-round injury and completes 

    Test timeout of 90000ms exceeded.

    Error: page.waitForSelector: Test timeout of 90000ms exceeded.
    Call log:
      - waiting for locator('[data-testid="saved-126270"]') to be visible
        - waiting for" http://localhost:4173/" navigation to finish...
        - navigated to "http://localhost:4173/"


      132 | 		await page.fill(`[data-testid="team-b-score-${matchId}"]`, '19');
      133 | 		await page.click(`[data-testid="save-score-${matchId}"]`);
    > 134 | 		await page.waitForSelector(`[data-testid="saved-${matchId}"]`);
          | 		           ^
      135 |
      136 | 		await page.goto(tournamentUrl);
      137 | 		// Submit injury via UI
        at /home/dirk/Dev/kob/e2e/code-review-findings.spec.ts:134:14

    Error Context: test-results/code-review-findings-Code--2f40e--round-injury-and-completes/error-context.md

  3) e2e/code-review-findings.spec.ts:170:2 › Code review findings (spec 1040) › replacement player keeps roster size between rounds 

    Error: expect(locator).toBeVisible() failed

    Locator: locator('button:has-text("Close Round & Advance")')
    Expected: visible
    Timeout: 10000ms
    Error: element(s) not found

    Call log:
      - Expect "toBeVisible" with timeout 10000ms
      - waiting for locator('button:has-text("Close Round & Advance")')


      179 | 		await page.goto(`/tournament/${tid}`);
      180 | 		const closeBtn = page.locator('button:has-text("Close Round & Advance")');
    > 181 | 		await expect(closeBtn).toBeVisible({ timeout: 10000 });
          | 		                       ^
      182 | 		await closeBtn.click();
      183 | 		await page.waitForSelector('text=Round 2 of 2', { timeout: 15000 });
      184 |
        at /home/dirk/Dev/kob/e2e/code-review-findings.spec.ts:181:26

    Error Context: test-results/code-review-findings-Code--1f00b--roster-size-between-rounds/error-context.md

  4) e2e/code-review-findings.spec.ts:211:2 › Code review findings (spec 1040) › standings page keeps round 1 history after mid-tournament retirement 

    Test was interrupted.

    Error: page.click: Test ended.
    Call log:
      - waiting for locator('button:has-text("Close Round & Advance")')
        - waiting for" http://localhost:4173/" navigation to finish...
        - navigated to "http://localhost:4173/"


      228 |
      229 | 		await page.goto(`/tournament/${tid}`);
    > 230 | 		await page.click('button:has-text("Close Round & Advance")');
          | 		           ^
      231 | 		await page.waitForSelector('text=Round 2 of 2', { timeout: 15000 });
      232 |
      233 | 		await page.click('summary:has-text("Retire a Player")');
        at /home/dirk/Dev/kob/e2e/code-review-findings.spec.ts:230:14

    Error Context: test-results/code-review-findings-Code--42ca3-r-mid-tournament-retirement/error-context.md

  3 failed
    e2e/bestof3.spec.ts:102:2 › Best-of-3 Round Transition › round closes when best-of-3 matches end 2-0 (no deciding set) 
    e2e/code-review-findings.spec.ts:118:2 › Code review findings (spec 1040) › 8p tournament survives mid-round injury and completes 
    e2e/code-review-findings.spec.ts:170:2 › Code review findings (spec 1040) › replacement player keeps roster size between rounds 
  1 interrupted
    e2e/code-review-findings.spec.ts:211:2 › Code review findings (spec 1040) › standings page keeps round 1 history after mid-tournament retirement 
  88 did not run
  3 passed (3.7m)
error: script "playwright" exited with code 130
